PLINK v1.90b7.2 64-bit (11 Dec 2023)
Options in effect:
  --allow-extra-chr
  --geno 0.950000
  --maf 0.050000
  --out today
  --recode vcf
  --vcf sik.vcf.gz

Hostname: NM037201E-07958
Working directory: D:\PredictProR
Start time: Thu Jul 18 15:51:58 2024

Random number seed: 1721335918
32467 MB RAM detected; reserving 16233 MB for main workspace.
--vcf: today-temporary.bed + today-temporary.bim + today-temporary.fam written.
22031 variants loaded from .bim file.
18 people (0 males, 0 females, 18 ambiguous) loaded from .fam.
Ambiguous sex IDs written to today.nosex .
Using 1 thread (no multithreaded calculations invoked).
Before main variant filters, 18 founders and 0 nonfounders present.
Calculating allele frequencies... done.
Total genotyping rate is 0.919.
0 variants removed due to missing genotype data (--geno).
4635 variants removed due to minor allele threshold(s)
(--maf/--max-maf/--mac/--max-mac).
17396 variants and 18 people pass filters and QC.
Note: No phenotypes present.
--recode vcf to today.vcf ... done.

End time: Thu Jul 18 15:51:58 2024
