PLINK v2.00a5.12 64-bit (25 Jun 2024)
Options in effect:
  --allow-extra-chr
  --export vcf
  --geno 0.100000
  --maf 0.050000
  --max-alleles 2
  --min-alleles 2
  --out vcf_process_20240801_161111
  --vcf D:/PredictProR/2021_NDSU_AYT.vcf

Hostname: NM037201E-07958
Working directory: D:\PredictProR
Start time: Thu Aug 01 16:11:11 2024

Random number seed: 1722546671
32467 MiB RAM detected; reserving 16233 MiB for main workspace.
Using up to 20 threads (change this with --threads).
--vcf: 1243 variants scanned.
--vcf: vcf_process_20240801_161111-temporary.pgen +
vcf_process_20240801_161111-temporary.pvar.zst +
vcf_process_20240801_161111-temporary.psam written.
158 samples (0 females, 0 males, 158 ambiguous; 158 founders) loaded from
vcf_process_20240801_161111-temporary.psam.
1243 variants loaded from vcf_process_20240801_161111-temporary.pvar.zst.
Note: No phenotype data present.
Calculating allele frequencies... done.
--geno: 331 variants removed due to missing genotype data.
114 variants removed due to allele frequency threshold(s)
(--maf/--max-maf/--mac/--max-mac).
798 variants remaining after main filters.
--export vcf to vcf_process_20240801_161111.vcf ... done.

End time: Thu Aug 01 16:11:11 2024
